{
  "openapi": "3.0.2",
  "info": {
    "title": "Swagger Sample App",
    "description": "This is a sample server Petstore server.",
    "termsOfService": "http://swagger.io/terms/",
    "contact": {
      "name": "API Support",
      "url": "http://www.swagger.io/support",
      "email": "support@swagger.io"
    },
    "version": "1.0.1"
  }
}